2026-05-07 16:13:28 | INFO     | __main__ — ==================================================
2026-05-07 16:13:28 | INFO     | __main__ — Habit Tracker Bot sedang starting up...
2026-05-07 16:13:28 | INFO     | __main__ — Log tersimpan di folder: logs/
2026-05-07 16:13:28 | INFO     | __main__ — ==================================================
2026-05-07 16:13:28 | INFO     | __main__ — Menginisialisasi database...
2026-05-07 16:13:28 | INFO     | app.database.init_db — Menginisialisasi database di: data\habits.db
2026-05-07 16:13:28 | INFO     | app.database.init_db — Tabel 'users' siap.
2026-05-07 16:13:28 | INFO     | app.database.init_db — Tabel 'habits' siap.
2026-05-07 16:13:28 | INFO     | app.database.init_db — Tabel 'checkins' siap.
2026-05-07 16:13:28 | INFO     | app.database.init_db — Index database siap.
2026-05-07 16:13:28 | INFO     | app.database.init_db — Database berhasil diinisialisasi.
2026-05-07 16:13:28 | INFO     | __main__ — Database siap.
2026-05-07 16:13:29 | INFO     | __main__ — Mendaftarkan middleware...
2026-05-07 16:13:29 | INFO     | __main__ — Middleware terdaftar.
2026-05-07 16:13:29 | INFO     | __main__ — Mendaftarkan router handler...
2026-05-07 16:13:29 | INFO     | __main__ — Semua router terdaftar.
2026-05-07 16:13:29 | INFO     | __main__ — Menyiapkan scheduler...
2026-05-07 16:13:29 | INFO     | apscheduler.scheduler — Adding job tentatively -- it will be properly scheduled when the scheduler starts
2026-05-07 16:13:29 | INFO     | apscheduler.scheduler — Adding job tentatively -- it will be properly scheduled when the scheduler starts
2026-05-07 16:13:29 | INFO     | apscheduler.scheduler — Adding job tentatively -- it will be properly scheduled when the scheduler starts
2026-05-07 16:13:29 | INFO     | app.services.reminder_service — Scheduler dikonfigurasi:
  - Morning reset : 00:05
  - Daily reminder: 19:00
  - Daily summary : 21:00
  - Timezone      : Asia/Jakarta
2026-05-07 16:13:29 | INFO     | apscheduler.scheduler — Adding job tentatively -- it will be properly scheduled when the scheduler starts
2026-05-07 16:13:29 | INFO     | apscheduler.scheduler — Added job "send_morning_reset" to job store "default"
2026-05-07 16:13:29 | INFO     | apscheduler.scheduler — Added job "send_daily_reminder" to job store "default"
2026-05-07 16:13:29 | INFO     | apscheduler.scheduler — Added job "send_daily_summary_broadcast" to job store "default"
2026-05-07 16:13:29 | INFO     | apscheduler.scheduler — Added job "main.<locals>.<lambda>" to job store "default"
2026-05-07 16:13:29 | INFO     | apscheduler.scheduler — Scheduler started
2026-05-07 16:13:29 | INFO     | __main__ — Scheduler berjalan.
2026-05-07 16:13:29 | INFO     | __main__ — Bot mulai polling...
2026-05-07 16:13:29 | INFO     | __main__ — Bot siap menerima pesan. Tekan Ctrl+C untuk berhenti.
2026-05-07 16:13:29 | INFO     | __main__ — ==================================================
2026-05-07 16:13:36 | INFO     | app.handlers.start — User /start: 6005721006 (@zakxyz1945)
2026-05-07 16:18:29 | INFO     | apscheduler.executors.default — Running job "main.<locals>.<lambda> (trigger: interval[0:05:00], next run at: 2026-05-07 16:23:29 PDT)" (scheduled at 2026-05-07 16:18:29.228271-07:00)
2026-05-07 16:18:29 | INFO     | apscheduler.executors.default — Job "main.<locals>.<lambda> (trigger: interval[0:05:00], next run at: 2026-05-07 16:23:29 PDT)" executed successfully
2026-05-07 16:22:34 | ERROR    | aiogram.dispatcher — Failed to fetch updates - TelegramNetworkError: HTTP Client says - ServerDisconnectedError: Server disconnected
2026-05-07 16:22:34 | WARNING  | aiogram.dispatcher — Sleep for 1.000000 seconds and try again... (tryings = 0, bot id = 8315641064)
2026-05-07 16:22:34 | INFO     | __main__ — Memulai graceful shutdown...
2026-05-07 16:22:34 | INFO     | __main__ — Mematikan scheduler...
2026-05-07 16:22:34 | INFO     | __main__ — Scheduler berhenti.
2026-05-07 16:22:34 | INFO     | __main__ — Menutup koneksi bot...
2026-05-07 16:22:34 | INFO     | __main__ — Koneksi bot ditutup.
2026-05-07 16:22:34 | INFO     | __main__ — Bot berhenti dengan bersih.
2026-05-07 16:22:34 | INFO     | __main__ — ==================================================
2026-05-07 16:22:34 | INFO     | apscheduler.scheduler — Scheduler has been shut down
2026-05-07 16:22:40 | INFO     | __main__ — ==================================================
2026-05-07 16:22:40 | INFO     | __main__ — Habit Tracker Bot sedang starting up...
2026-05-07 16:22:40 | INFO     | __main__ — Log tersimpan di folder: logs/
2026-05-07 16:22:40 | INFO     | __main__ — ==================================================
2026-05-07 16:22:40 | INFO     | __main__ — Menginisialisasi database...
2026-05-07 16:22:40 | INFO     | app.database.init_db — Menginisialisasi database di: data\habits.db
2026-05-07 16:22:40 | INFO     | app.database.init_db — Tabel 'users' siap.
2026-05-07 16:22:40 | INFO     | app.database.init_db — Tabel 'habits' siap.
2026-05-07 16:22:40 | INFO     | app.database.init_db — Tabel 'checkins' siap.
2026-05-07 16:22:40 | INFO     | app.database.init_db — Index database siap.
2026-05-07 16:22:40 | INFO     | app.database.init_db — Database berhasil diinisialisasi.
2026-05-07 16:22:40 | INFO     | __main__ — Database siap.
2026-05-07 16:22:40 | INFO     | __main__ — Mendaftarkan middleware...
2026-05-07 16:22:40 | INFO     | __main__ — Middleware terdaftar.
2026-05-07 16:22:40 | INFO     | __main__ — Mendaftarkan router handler...
2026-05-07 16:22:40 | INFO     | __main__ — Semua router terdaftar.
2026-05-07 16:22:40 | INFO     | __main__ — Menyiapkan scheduler...
2026-05-07 16:22:40 | INFO     | apscheduler.scheduler — Adding job tentatively -- it will be properly scheduled when the scheduler starts
2026-05-07 16:22:40 | INFO     | apscheduler.scheduler — Adding job tentatively -- it will be properly scheduled when the scheduler starts
2026-05-07 16:22:40 | INFO     | apscheduler.scheduler — Adding job tentatively -- it will be properly scheduled when the scheduler starts
2026-05-07 16:22:40 | INFO     | app.services.reminder_service — Scheduler dikonfigurasi:
  - Morning reset : 00:05
  - Daily reminder: 19:00
  - Daily summary : 21:00
  - Timezone      : Asia/Jakarta
2026-05-07 16:22:40 | INFO     | apscheduler.scheduler — Adding job tentatively -- it will be properly scheduled when the scheduler starts
2026-05-07 16:22:40 | INFO     | apscheduler.scheduler — Added job "send_morning_reset" to job store "default"
2026-05-07 16:22:40 | INFO     | apscheduler.scheduler — Added job "send_daily_reminder" to job store "default"
2026-05-07 16:22:40 | INFO     | apscheduler.scheduler — Added job "send_daily_summary_broadcast" to job store "default"
2026-05-07 16:22:40 | INFO     | apscheduler.scheduler — Added job "main.<locals>.<lambda>" to job store "default"
2026-05-07 16:22:40 | INFO     | apscheduler.scheduler — Scheduler started
2026-05-07 16:22:40 | INFO     | __main__ — Scheduler berjalan.
2026-05-07 16:22:40 | INFO     | __main__ — Bot mulai polling...
2026-05-07 16:22:40 | INFO     | __main__ — Bot siap menerima pesan. Tekan Ctrl+C untuk berhenti.
2026-05-07 16:22:40 | INFO     | __main__ — ==================================================
2026-05-07 16:22:52 | INFO     | app.handlers.start — User /start: 6005721006 (@zakxyz1945)
2026-05-07 16:27:40 | INFO     | apscheduler.executors.default — Running job "main.<locals>.<lambda> (trigger: interval[0:05:00], next run at: 2026-05-07 16:32:40 PDT)" (scheduled at 2026-05-07 16:27:40.859357-07:00)
2026-05-07 16:27:40 | INFO     | apscheduler.executors.default — Job "main.<locals>.<lambda> (trigger: interval[0:05:00], next run at: 2026-05-07 16:32:40 PDT)" executed successfully
2026-05-07 16:32:40 | INFO     | apscheduler.executors.default — Running job "main.<locals>.<lambda> (trigger: interval[0:05:00], next run at: 2026-05-07 16:37:40 PDT)" (scheduled at 2026-05-07 16:32:40.859357-07:00)
2026-05-07 16:32:40 | INFO     | apscheduler.executors.default — Job "main.<locals>.<lambda> (trigger: interval[0:05:00], next run at: 2026-05-07 16:37:40 PDT)" executed successfully
2026-05-07 16:32:47 | ERROR    | aiogram.dispatcher — Failed to fetch updates - TelegramNetworkError: HTTP Client says - ServerDisconnectedError: Server disconnected
2026-05-07 16:32:47 | WARNING  | aiogram.dispatcher — Sleep for 1.000000 seconds and try again... (tryings = 0, bot id = 8315641064)
2026-05-07 16:32:47 | INFO     | __main__ — Memulai graceful shutdown...
2026-05-07 16:32:47 | INFO     | __main__ — Mematikan scheduler...
2026-05-07 16:32:47 | INFO     | __main__ — Scheduler berhenti.
2026-05-07 16:32:47 | INFO     | __main__ — Menutup koneksi bot...
2026-05-07 16:32:47 | INFO     | __main__ — Koneksi bot ditutup.
2026-05-07 16:32:47 | INFO     | __main__ — Bot berhenti dengan bersih.
2026-05-07 16:32:47 | INFO     | __main__ — ==================================================
2026-05-07 16:32:47 | INFO     | apscheduler.scheduler — Scheduler has been shut down
2026-05-07 16:35:24 | INFO     | __main__ — ==================================================
2026-05-07 16:35:24 | INFO     | __main__ — Habit Tracker Bot sedang starting up...
2026-05-07 16:35:24 | INFO     | __main__ — Log tersimpan di folder: logs/
2026-05-07 16:35:24 | INFO     | __main__ — ==================================================
2026-05-07 16:35:24 | INFO     | __main__ — Menginisialisasi database...
2026-05-07 16:35:24 | INFO     | app.database.init_db — Menginisialisasi database di: data\habits.db
2026-05-07 16:35:24 | INFO     | app.database.init_db — Tabel 'users' siap.
2026-05-07 16:35:24 | INFO     | app.database.init_db — Tabel 'habits' siap.
2026-05-07 16:35:24 | INFO     | app.database.init_db — Tabel 'checkins' siap.
2026-05-07 16:35:24 | INFO     | app.database.init_db — Index database siap.
2026-05-07 16:35:24 | INFO     | app.database.init_db — Database berhasil diinisialisasi.
2026-05-07 16:35:24 | INFO     | __main__ — Database siap.
2026-05-07 16:35:25 | INFO     | __main__ — Mendaftarkan middleware...
2026-05-07 16:35:25 | INFO     | __main__ — Middleware terdaftar.
2026-05-07 16:35:25 | INFO     | __main__ — Mendaftarkan router handler...
2026-05-07 16:35:25 | INFO     | __main__ — Semua router terdaftar.
2026-05-07 16:35:25 | INFO     | __main__ — Menyiapkan scheduler...
2026-05-07 16:35:25 | INFO     | apscheduler.scheduler — Adding job tentatively -- it will be properly scheduled when the scheduler starts
2026-05-07 16:35:25 | INFO     | apscheduler.scheduler — Adding job tentatively -- it will be properly scheduled when the scheduler starts
2026-05-07 16:35:25 | INFO     | apscheduler.scheduler — Adding job tentatively -- it will be properly scheduled when the scheduler starts
2026-05-07 16:35:25 | INFO     | apscheduler.scheduler — Adding job tentatively -- it will be properly scheduled when the scheduler starts
2026-05-07 16:35:25 | INFO     | app.services.reminder_service — Scheduler dikonfigurasi:
  - Morning reset  : 00:05
  - Daily reminder : 19:00
  - Daily summary  : 21:00
  - Weekly report  : Minggu 20:00
  - Timezone       : Asia/Jakarta
2026-05-07 16:35:25 | INFO     | apscheduler.scheduler — Adding job tentatively -- it will be properly scheduled when the scheduler starts
2026-05-07 16:35:25 | INFO     | apscheduler.scheduler — Added job "send_morning_reset" to job store "default"
2026-05-07 16:35:25 | INFO     | apscheduler.scheduler — Added job "send_daily_reminder" to job store "default"
2026-05-07 16:35:25 | INFO     | apscheduler.scheduler — Added job "send_daily_summary_broadcast" to job store "default"
2026-05-07 16:35:25 | INFO     | apscheduler.scheduler — Added job "send_weekly_report" to job store "default"
2026-05-07 16:35:25 | INFO     | apscheduler.scheduler — Added job "main.<locals>.<lambda>" to job store "default"
2026-05-07 16:35:25 | INFO     | apscheduler.scheduler — Scheduler started
2026-05-07 16:35:25 | INFO     | __main__ — Scheduler berjalan.
2026-05-07 16:35:25 | INFO     | __main__ — Bot mulai polling...
2026-05-07 16:35:25 | INFO     | __main__ — Bot siap menerima pesan. Tekan Ctrl+C untuk berhenti.
2026-05-07 16:35:25 | INFO     | __main__ — ==================================================
2026-05-07 16:35:35 | INFO     | app.handlers.start — User /start: 6005721006 (@zakxyz1945)
2026-05-07 16:35:49 | INFO     | app.handlers.habit_edit — User 6005721006 hapus habit 1
2026-05-07 16:36:14 | WARNING  | app.middlewares.logging_middleware — Handler lambat: 1188ms untuk None
2026-05-07 16:36:34 | INFO     | app.services.habit_service — Habit baru dibuat: user=6005721006, name=belajar belajar dan belajar, id=2
2026-05-07 16:37:07 | WARNING  | app.middlewares.logging_middleware — Handler lambat: 1109ms untuk None
2026-05-07 16:37:13 | INFO     | app.handlers.habit_edit — User 6005721006 edit nama habit 2 → belajar ae
2026-05-07 16:40:25 | INFO     | apscheduler.executors.default — Running job "main.<locals>.<lambda> (trigger: interval[0:05:00], next run at: 2026-05-07 16:45:25 PDT)" (scheduled at 2026-05-07 16:40:25.246369-07:00)
2026-05-07 16:40:25 | INFO     | apscheduler.executors.default — Job "main.<locals>.<lambda> (trigger: interval[0:05:00], next run at: 2026-05-07 16:45:25 PDT)" executed successfully
2026-05-07 16:45:25 | INFO     | apscheduler.executors.default — Running job "main.<locals>.<lambda> (trigger: interval[0:05:00], next run at: 2026-05-07 16:50:25 PDT)" (scheduled at 2026-05-07 16:45:25.246369-07:00)
2026-05-07 16:45:25 | INFO     | apscheduler.executors.default — Job "main.<locals>.<lambda> (trigger: interval[0:05:00], next run at: 2026-05-07 16:50:25 PDT)" executed successfully
2026-05-07 16:45:26 | ERROR    | aiogram.dispatcher — Failed to fetch updates - TelegramNetworkError: HTTP Client says - ServerDisconnectedError: Server disconnected
2026-05-07 16:45:26 | WARNING  | aiogram.dispatcher — Sleep for 1.000000 seconds and try again... (tryings = 0, bot id = 8315641064)
2026-05-07 16:45:26 | INFO     | __main__ — Memulai graceful shutdown...
2026-05-07 16:45:26 | INFO     | __main__ — Mematikan scheduler...
2026-05-07 16:45:26 | INFO     | __main__ — Scheduler berhenti.
2026-05-07 16:45:26 | INFO     | __main__ — Menutup koneksi bot...
2026-05-07 16:45:26 | INFO     | __main__ — Koneksi bot ditutup.
2026-05-07 16:45:26 | INFO     | __main__ — Bot berhenti dengan bersih.
2026-05-07 16:45:26 | INFO     | __main__ — ==================================================
2026-05-07 16:45:26 | INFO     | apscheduler.scheduler — Scheduler has been shut down
2026-05-07 16:49:13 | INFO     | __main__ — ==================================================
2026-05-07 16:49:13 | INFO     | __main__ — Habit Tracker Bot sedang starting up...
2026-05-07 16:49:13 | INFO     | __main__ — Log tersimpan di folder: logs/
2026-05-07 16:49:13 | INFO     | __main__ — ==================================================
2026-05-07 16:49:13 | INFO     | __main__ — Menginisialisasi database...
2026-05-07 16:49:13 | INFO     | app.database.init_db — Menginisialisasi database di: data\habits.db
2026-05-07 16:49:13 | INFO     | app.database.init_db — Tabel 'users' siap.
2026-05-07 16:49:13 | INFO     | app.database.init_db — Tabel 'habits' siap.
2026-05-07 16:49:13 | INFO     | app.database.init_db — Tabel 'checkins' siap.
2026-05-07 16:49:13 | INFO     | app.database.init_db — Index database siap.
2026-05-07 16:49:13 | INFO     | app.database.init_db — Database berhasil diinisialisasi.
2026-05-07 16:49:13 | INFO     | __main__ — Database siap.
2026-05-07 16:49:13 | INFO     | __main__ — Mendaftarkan middleware...
2026-05-07 16:49:13 | INFO     | __main__ — Middleware terdaftar.
2026-05-07 16:49:13 | INFO     | __main__ — Mendaftarkan router handler...
2026-05-07 16:49:13 | INFO     | __main__ — Semua router terdaftar.
2026-05-07 16:49:13 | INFO     | __main__ — Menyiapkan scheduler...
2026-05-07 16:49:13 | INFO     | apscheduler.scheduler — Adding job tentatively -- it will be properly scheduled when the scheduler starts
2026-05-07 16:49:13 | INFO     | apscheduler.scheduler — Adding job tentatively -- it will be properly scheduled when the scheduler starts
2026-05-07 16:49:13 | INFO     | apscheduler.scheduler — Adding job tentatively -- it will be properly scheduled when the scheduler starts
2026-05-07 16:49:13 | INFO     | app.services.reminder_service — Scheduler dikonfigurasi:
  - Morning reset : 00:05
  - Daily reminder: 19:00
  - Daily summary : 21:00
  - Timezone      : Asia/Jakarta
2026-05-07 16:49:13 | INFO     | apscheduler.scheduler — Adding job tentatively -- it will be properly scheduled when the scheduler starts
2026-05-07 16:49:13 | INFO     | apscheduler.scheduler — Added job "send_morning_reset" to job store "default"
2026-05-07 16:49:13 | INFO     | apscheduler.scheduler — Added job "send_daily_reminder" to job store "default"
2026-05-07 16:49:13 | INFO     | apscheduler.scheduler — Added job "send_daily_summary_broadcast" to job store "default"
2026-05-07 16:49:13 | INFO     | apscheduler.scheduler — Added job "main.<locals>.<lambda>" to job store "default"
2026-05-07 16:49:13 | INFO     | apscheduler.scheduler — Scheduler started
2026-05-07 16:49:13 | INFO     | __main__ — Scheduler berjalan.
2026-05-07 16:49:13 | INFO     | __main__ — Bot mulai polling...
2026-05-07 16:49:13 | INFO     | __main__ — Bot siap menerima pesan. Tekan Ctrl+C untuk berhenti.
2026-05-07 16:49:13 | INFO     | __main__ — ==================================================
2026-05-07 16:49:24 | ERROR    | aiogram.dispatcher — Failed to fetch updates - TelegramRetryAfter: Telegram server says - Flood control exceeded on method 'GetUpdates'. Retry in 5 seconds.
Original description: Too Many Requests: retry after 5
(background on this error at: https://core.telegram.org/bots/faq#my-bot-is-hitting-limits-how-do-i-avoid-this)
2026-05-07 16:49:24 | WARNING  | aiogram.dispatcher — Sleep for 1.000000 seconds and try again... (tryings = 0, bot id = 8315641064)
2026-05-07 16:49:25 | ERROR    | aiogram.dispatcher — Failed to fetch updates - TelegramRetryAfter: Telegram server says - Flood control exceeded on method 'GetUpdates'. Retry in 5 seconds.
Original description: Too Many Requests: retry after 5
(background on this error at: https://core.telegram.org/bots/faq#my-bot-is-hitting-limits-how-do-i-avoid-this)
2026-05-07 16:49:25 | WARNING  | aiogram.dispatcher — Sleep for 1.340260 seconds and try again... (tryings = 1, bot id = 8315641064)
2026-05-07 16:49:31 | ERROR    | aiogram.dispatcher — Failed to fetch updates - TelegramServerError: Telegram server says - Bad Gateway
2026-05-07 16:49:31 | WARNING  | aiogram.dispatcher — Sleep for 1.843227 seconds and try again... (tryings = 2, bot id = 8315641064)
2026-05-07 16:50:33 | INFO     | app.handlers.start — User /start: 6005721006 (@zakxyz1945)
2026-05-07 16:52:20 | ERROR    | aiogram.dispatcher — Failed to fetch updates - TelegramNetworkError: HTTP Client says - ServerDisconnectedError: Server disconnected
2026-05-07 16:52:20 | WARNING  | aiogram.dispatcher — Sleep for 1.000000 seconds and try again... (tryings = 0, bot id = 8315641064)
2026-05-07 16:52:20 | INFO     | __main__ — Memulai graceful shutdown...
2026-05-07 16:52:20 | INFO     | __main__ — Mematikan scheduler...
2026-05-07 16:52:20 | INFO     | __main__ — Scheduler berhenti.
2026-05-07 16:52:20 | INFO     | __main__ — Menutup koneksi bot...
2026-05-07 16:52:20 | INFO     | __main__ — Koneksi bot ditutup.
2026-05-07 16:52:20 | INFO     | __main__ — Bot berhenti dengan bersih.
2026-05-07 16:52:20 | INFO     | __main__ — ==================================================
2026-05-07 16:52:20 | INFO     | apscheduler.scheduler — Scheduler has been shut down
